../Core/Src/main.c:51:6:ErrOutput	8	static
../Core/Src/main.c:60:6:DrawGameSegmentBackground	48	static
../Core/Src/main.c:67:6:DrawGameSegmentForeground	32	static
../Core/Src/main.c:78:6:DrawPluralGames	32	static
../Core/Src/main.c:102:5:pressChoice	40	static
../Core/Src/main.c:122:6:gameChoice	32	static
../Core/Src/main.c:145:5:main	32	static
../Core/Src/main.c:227:13:SystemClock_Config	128	static
../Core/Src/main.c:307:6:Error_Handler	8	static
../Core/Src/main.c:342:13:CPU_CACHE_Enable	24	static,ignoring_inline_asm
